
> wantok-workforce@1.0.1 build
> NODE_OPTIONS="--max-old-space-size=2048" npx expo export

(node:122261) [DEP0040] DeprecationWarning: The `punycode` module is deprecated. Please use a userland alternative instead.
(Use `node --trace-deprecation ...` to show where the warning was created)
Starting Metro Bundler
Web Bundled 7106ms (node_modules/expo/AppEntry.js)
iOS Bundled 11811ms (node_modules/expo/AppEntry.js)
Android Bundled 14234ms (node_modules/expo/AppEntry.js)

Exporting 1 asset:
assets/brand_logo.jpg (61.4 kB)

Exporting 1 bundle for ios:
_expo/static/js/ios/AppEntry-0cbc54d99588dc4ef7d4eabdacc935ea.hbc (1.6 MB)

Exporting 1 bundle for android:
_expo/static/js/android/AppEntry-fbe3496cff666ac4ee9a5415004549d6.hbc (1.61 MB)

Exporting 1 bundle for web:
_expo/static/js/web/AppEntry-10c79f60f1c79f85c82c696fba682368.js (415 kB)

Exporting 4 files:
assets/assets/brand_logo.8eba79e04acca3f4baef089c5cc45103.jpg (61.4 kB)
favicon.ico (14.5 kB)
index.html (1.23 kB)
metadata.json (374 B)

App exported to: dist
