
> wantok-workforce@1.0.1 build
> NODE_OPTIONS="--max-old-space-size=2048" npx expo export

(node:225020) [DEP0040] DeprecationWarning: The `punycode` module is deprecated. Please use a userland alternative instead.
(Use `node --trace-deprecation ...` to show where the warning was created)
Starting Metro Bundler
Web Bundled 9601ms (node_modules/expo/AppEntry.js)
Android Bundled 14835ms (node_modules/expo/AppEntry.js)
iOS Bundled 16531ms (node_modules/expo/AppEntry.js)

Exporting 1 asset:
assets/brand_logo.jpg (61.4 kB)

Exporting 1 bundle for ios:
_expo/static/js/ios/AppEntry-633b4d3bc81bd67cb3bd2c4400978153.hbc (1.6 MB)

Exporting 1 bundle for android:
_expo/static/js/android/AppEntry-7d6bcc6777c843d6fe3301ce83ffd3a3.hbc (1.61 MB)

Exporting 1 bundle for web:
_expo/static/js/web/AppEntry-0bca43b312e8084ce9f1e738e16afb3f.js (415 kB)

Exporting 4 files:
assets/assets/brand_logo.8eba79e04acca3f4baef089c5cc45103.jpg (61.4 kB)
favicon.ico (14.5 kB)
index.html (1.23 kB)
metadata.json (374 B)

App exported to: dist
