
> wantok-workforce@1.0.1 build
> NODE_OPTIONS="--max-old-space-size=2048" npx expo export

(node:30772) [DEP0040] DeprecationWarning: The `punycode` module is deprecated. Please use a userland alternative instead.
(Use `node --trace-deprecation ...` to show where the warning was created)
Starting Metro Bundler
Web Bundled 30021ms (node_modules/expo/AppEntry.js)
iOS Bundled 33558ms (node_modules/expo/AppEntry.js)
Android Bundled 36387ms (node_modules/expo/AppEntry.js)

Exporting 1 asset:
assets/brand_logo.jpg (61.4 kB)

Exporting 1 bundle for ios:
_expo/static/js/ios/AppEntry-f787e0fb84c396b4782b70f0b9a1c7e3.hbc (1.6 MB)

Exporting 1 bundle for android:
_expo/static/js/android/AppEntry-ccf8075bca9a9337cc26af6428b571f2.hbc (1.61 MB)

Exporting 1 bundle for web:
_expo/static/js/web/AppEntry-4d4d06634fbaaaa9361d517c5807f5d8.js (415 kB)

Exporting 4 files:
assets/assets/brand_logo.8eba79e04acca3f4baef089c5cc45103.jpg (61.4 kB)
favicon.ico (14.5 kB)
index.html (1.23 kB)
metadata.json (374 B)

App exported to: dist
