
> wantok-workforce@1.0.1 build
> NODE_OPTIONS="--max-old-space-size=2048" npx expo export

(node:503586) [DEP0040] DeprecationWarning: The `punycode` module is deprecated. Please use a userland alternative instead.
(Use `node --trace-deprecation ...` to show where the warning was created)
Starting Metro Bundler
Web Bundled 4610ms (node_modules/expo/AppEntry.js)
iOS Bundled 7212ms (node_modules/expo/AppEntry.js)
Android Bundled 8883ms (node_modules/expo/AppEntry.js)

Exporting 1 asset:
assets/brand_logo.jpg (61.4 kB)

Exporting 1 bundle for ios:
_expo/static/js/ios/AppEntry-b3c9024712736b6a05e41e108dfcf445.hbc (1.6 MB)

Exporting 1 bundle for android:
_expo/static/js/android/AppEntry-861223ebf4c260cfbf59eee251a77953.hbc (1.61 MB)

Exporting 1 bundle for web:
_expo/static/js/web/AppEntry-7d2f6dd0f114d4143710453341f4855f.js (419 kB)

Exporting 4 files:
assets/assets/brand_logo.8eba79e04acca3f4baef089c5cc45103.jpg (61.4 kB)
favicon.ico (14.5 kB)
index.html (1.23 kB)
metadata.json (374 B)

App exported to: dist
