
> wantok-workforce@1.0.1 build
> NODE_OPTIONS="--max-old-space-size=2048" npx expo export

(node:304464) [DEP0040] DeprecationWarning: The `punycode` module is deprecated. Please use a userland alternative instead.
(Use `node --trace-deprecation ...` to show where the warning was created)
Starting Metro Bundler
Web Bundled 6503ms (node_modules/expo/AppEntry.js)
iOS Bundled 10093ms (node_modules/expo/AppEntry.js)
Android Bundled 12080ms (node_modules/expo/AppEntry.js)

Exporting 1 asset:
assets/brand_logo.jpg (61.4 kB)

Exporting 1 bundle for ios:
_expo/static/js/ios/AppEntry-ab174741e887a123b5eecec7ad129288.hbc (1.6 MB)

Exporting 1 bundle for android:
_expo/static/js/android/AppEntry-40413663a205cbaff431259d2097609e.hbc (1.61 MB)

Exporting 1 bundle for web:
_expo/static/js/web/AppEntry-74fb33fc74d1ec09ce355e38fab92308.js (416 kB)

Exporting 4 files:
assets/assets/brand_logo.8eba79e04acca3f4baef089c5cc45103.jpg (61.4 kB)
favicon.ico (14.5 kB)
index.html (1.23 kB)
metadata.json (374 B)

App exported to: dist
