
> wantok-workforce@1.0.1 build
> NODE_OPTIONS="--max-old-space-size=2048" npx expo export

(node:361679) [DEP0040] DeprecationWarning: The `punycode` module is deprecated. Please use a userland alternative instead.
(Use `node --trace-deprecation ...` to show where the warning was created)
Starting Metro Bundler
Web Bundled 11087ms (node_modules/expo/AppEntry.js)
iOS Bundled 14951ms (node_modules/expo/AppEntry.js)
Android Bundled 16713ms (node_modules/expo/AppEntry.js)

Exporting 1 asset:
assets/brand_logo.jpg (61.4 kB)

Exporting 1 bundle for ios:
_expo/static/js/ios/AppEntry-3a0e3ab5bac6cee591a38d07b3a3465f.hbc (1.6 MB)

Exporting 1 bundle for android:
_expo/static/js/android/AppEntry-1957df0d5b42639f0aa1d0439caea79a.hbc (1.61 MB)

Exporting 1 bundle for web:
_expo/static/js/web/AppEntry-b7578e862334255f29200aa4712697fb.js (419 kB)

Exporting 4 files:
assets/assets/brand_logo.8eba79e04acca3f4baef089c5cc45103.jpg (61.4 kB)
favicon.ico (14.5 kB)
index.html (1.23 kB)
metadata.json (374 B)

App exported to: dist
