
> wantok-workforce@1.0.1 build
> NODE_OPTIONS="--max-old-space-size=2048" npx expo export

(node:1389180) [DEP0040] DeprecationWarning: The `punycode` module is deprecated. Please use a userland alternative instead.
(Use `node --trace-deprecation ...` to show where the warning was created)
Starting Metro Bundler
Web Bundled 9958ms (node_modules/expo/AppEntry.js)
Android Bundled 15266ms (node_modules/expo/AppEntry.js)
iOS Bundled 16927ms (node_modules/expo/AppEntry.js)

Exporting 1 asset:
assets/brand_logo.jpg (61.4 kB)

Exporting 1 bundle for ios:
_expo/static/js/ios/AppEntry-9b27e027353121b58adad548d32bac8d.hbc (1.61 MB)

Exporting 1 bundle for android:
_expo/static/js/android/AppEntry-2d1e05186a9e8772d498d6328c9b6577.hbc (1.62 MB)

Exporting 1 bundle for web:
_expo/static/js/web/AppEntry-4be75759ef1dfcadfbbe0cff6c0968cd.js (428 kB)

Exporting 4 files:
assets/assets/brand_logo.8eba79e04acca3f4baef089c5cc45103.jpg (61.4 kB)
favicon.ico (14.5 kB)
index.html (1.23 kB)
metadata.json (374 B)

App exported to: dist
