
> wantok-workforce@1.0.1 build
> NODE_OPTIONS="--max-old-space-size=2048" npx expo export

(node:81695) [DEP0040] DeprecationWarning: The `punycode` module is deprecated. Please use a userland alternative instead.
(Use `node --trace-deprecation ...` to show where the warning was created)
Starting Metro Bundler
Web Bundled 9398ms (node_modules/expo/AppEntry.js)
Android Bundled 14549ms (node_modules/expo/AppEntry.js)
iOS Bundled 16631ms (node_modules/expo/AppEntry.js)

Exporting 1 asset:
assets/brand_logo.jpg (61.4 kB)

Exporting 1 bundle for ios:
_expo/static/js/ios/AppEntry-dda67ee68bc8fc50c4fc1bc4480a56cf.hbc (1.6 MB)

Exporting 1 bundle for android:
_expo/static/js/android/AppEntry-206610ca88fb6d68f853569b39085857.hbc (1.61 MB)

Exporting 1 bundle for web:
_expo/static/js/web/AppEntry-109b11263d18b1a9f3194bcbda119961.js (415 kB)

Exporting 4 files:
assets/assets/brand_logo.8eba79e04acca3f4baef089c5cc45103.jpg (61.4 kB)
favicon.ico (14.5 kB)
index.html (1.23 kB)
metadata.json (374 B)

App exported to: dist
