
> wantok-workforce@1.0.1 build
> NODE_OPTIONS="--max-old-space-size=2048" npx expo export

(node:618719) [DEP0040] DeprecationWarning: The `punycode` module is deprecated. Please use a userland alternative instead.
(Use `node --trace-deprecation ...` to show where the warning was created)
Starting Metro Bundler
Web Bundled 10360ms (node_modules/expo/AppEntry.js)
iOS Bundled 15980ms (node_modules/expo/AppEntry.js)
Android Bundled 17846ms (node_modules/expo/AppEntry.js)

Exporting 1 asset:
assets/brand_logo.jpg (61.4 kB)

Exporting 1 bundle for ios:
_expo/static/js/ios/AppEntry-b236d0cbe7ad5cea9a27b39627ff1cf6.hbc (1.61 MB)

Exporting 1 bundle for android:
_expo/static/js/android/AppEntry-ca57d1ff1ffedf8865944e490f536740.hbc (1.62 MB)

Exporting 1 bundle for web:
_expo/static/js/web/AppEntry-6f1a4f9393d36891c409e6a75c04b39e.js (430 kB)

Exporting 4 files:
assets/assets/brand_logo.8eba79e04acca3f4baef089c5cc45103.jpg (61.4 kB)
favicon.ico (14.5 kB)
index.html (1.23 kB)
metadata.json (374 B)

App exported to: dist
