
> wantok-workforce@1.0.1 build
> NODE_OPTIONS="--max-old-space-size=2048" npx expo export

(node:1459896) [DEP0040] DeprecationWarning: The `punycode` module is deprecated. Please use a userland alternative instead.
(Use `node --trace-deprecation ...` to show where the warning was created)
Starting Metro Bundler
Web Bundled 6557ms (node_modules/expo/AppEntry.js)
iOS Bundled 10436ms (node_modules/expo/AppEntry.js)
Android Bundled 13228ms (node_modules/expo/AppEntry.js)

Exporting 1 asset:
assets/brand_logo.jpg (61.4 kB)

Exporting 1 bundle for ios:
_expo/static/js/ios/AppEntry-590fe8ec2729b7e1991ed11d9c5a64b7.hbc (1.61 MB)

Exporting 1 bundle for android:
_expo/static/js/android/AppEntry-4d4f013dcf6d97ef97d6820e1ea67c00.hbc (1.62 MB)

Exporting 1 bundle for web:
_expo/static/js/web/AppEntry-8a2ceebea34da6dfe884242c96918336.js (428 kB)

Exporting 4 files:
assets/assets/brand_logo.8eba79e04acca3f4baef089c5cc45103.jpg (61.4 kB)
favicon.ico (14.5 kB)
index.html (1.23 kB)
metadata.json (374 B)

App exported to: dist
