
> wantok-workforce@1.0.1 build
> NODE_OPTIONS="--max-old-space-size=2048" npx expo export

(node:880706) [DEP0040] DeprecationWarning: The `punycode` module is deprecated. Please use a userland alternative instead.
(Use `node --trace-deprecation ...` to show where the warning was created)
Starting Metro Bundler
Web Bundled 4751ms (node_modules/expo/AppEntry.js)
iOS Bundled 7756ms (node_modules/expo/AppEntry.js)
Android Bundled 9430ms (node_modules/expo/AppEntry.js)

Exporting 1 asset:
assets/brand_logo.jpg (61.4 kB)

Exporting 1 bundle for ios:
_expo/static/js/ios/AppEntry-61d4675908de47e1c622667f1b934cca.hbc (1.62 MB)

Exporting 1 bundle for android:
_expo/static/js/android/AppEntry-a989e0ec68bc3646b851f49360ccfd2a.hbc (1.63 MB)

Exporting 1 bundle for web:
_expo/static/js/web/AppEntry-ee2f92bf536059a53f236b5dc7a53e16.js (436 kB)

Exporting 4 files:
assets/assets/brand_logo.8eba79e04acca3f4baef089c5cc45103.jpg (61.4 kB)
favicon.ico (14.5 kB)
index.html (1.23 kB)
metadata.json (374 B)

App exported to: dist
