
> wantok-workforce@1.0.1 build
> NODE_OPTIONS="--max-old-space-size=2048" npx expo export

(node:1168076) [DEP0040] DeprecationWarning: The `punycode` module is deprecated. Please use a userland alternative instead.
(Use `node --trace-deprecation ...` to show where the warning was created)
Starting Metro Bundler
iOS Bundling failed 3159ms (node_modules/expo/AppEntry.js)

SyntaxError: SyntaxError: /app/WantokWorkforce.js: Unexpected token (596:31)

[0m [90m 594 |[39m                 [33m<[39m[33mText[39m style[33m=[39m{{ color[33m:[39m [33mCOLORS[39m[33m.[39mtextMuted }}[33m>[39m[33mSearching[39m [36mfor[39m nearby providers[33m...[39m[33m<[39m[33m/[39m[33mText[39m[33m>[39m
 [90m 595 |[39m               [33m<[39m[33m/[39m[33mView[39m[33m>[39m
[31m[1m>[22m[39m[90m 596 |[39m             ) [33m:[39m nearbyWorkers[33m?[39m[33m?[39m[33m.[39mlength [33m>[39m [35m0[39m [33m?[39m (
 [90m     |[39m                                [31m[1m^[22m[39m
 [90m 597 |[39m               [33m<[39m[33mView[39m style[33m=[39m{{ gap[33m:[39m [35m12[39m }}[33m>[39m
 [90m 598 |[39m                 [33m<[39m[33mText[39m style[33m=[39m{{ fontSize[33m:[39m [35m16[39m[33m,[39m fontWeight[33m:[39m [32m"700"[39m[33m,[39m color[33m:[39m [33mCOLORS[39m[33m.[39mtext[33m,[39m marginBottom[33m:[39m [35m4[39m }}[33m>[39m[33mSearch[39m [33mResults[39m[33m<[39m[33m/[39m[33mText[39m[33m>[39m
 [90m 599 |[39m                 {nearbyWorkers[33m?[39m[33m.[39mmap((worker) [33m=>[39m ([0m
SyntaxError: /app/WantokWorkforce.js: Unexpected token (596:31)

[0m [90m 594 |[39m                 [33m<[39m[33mText[39m style[33m=[39m{{ color[33m:[39m [33mCOLORS[39m[33m.[39mtextMuted }}[33m>[39m[33mSearching[39m [36mfor[39m nearby providers[33m...[39m[33m<[39m[33m/[39m[33mText[39m[33m>[39m
 [90m 595 |[39m               [33m<[39m[33m/[39m[33mView[39m[33m>[39m
[31m[1m>[22m[39m[90m 596 |[39m             ) [33m:[39m nearbyWorkers[33m?[39m[33m?[39m[33m.[39mlength [33m>[39m [35m0[39m [33m?[39m (
 [90m     |[39m                                [31m[1m^[22m[39m
 [90m 597 |[39m               [33m<[39m[33mView[39m style[33m=[39m{{ gap[33m:[39m [35m12[39m }}[33m>[39m
 [90m 598 |[39m                 [33m<[39m[33mText[39m style[33m=[39m{{ fontSize[33m:[39m [35m16[39m[33m,[39m fontWeight[33m:[39m [32m"700"[39m[33m,[39m color[33m:[39m [33mCOLORS[39m[33m.[39mtext[33m,[39m marginBottom[33m:[39m [35m4[39m }}[33m>[39m[33mSearch[39m [33mResults[39m[33m<[39m[33m/[39m[33mText[39m[33m>[39m
 [90m 599 |[39m                 {nearbyWorkers[33m?[39m[33m.[39mmap((worker) [33m=>[39m ([0m
    at constructor (/app/node_modules/@babel/parser/lib/index.js:365:19)
    at FlowParserMixin.raise (/app/node_modules/@babel/parser/lib/index.js:6616:19)
    at FlowParserMixin.unexpected (/app/node_modules/@babel/parser/lib/index.js:6636:16)
    at FlowParserMixin.parseExprAtom (/app/node_modules/@babel/parser/lib/index.js:11459:22)
    at FlowParserMixin.parseExprAtom (/app/node_modules/@babel/parser/lib/index.js:4776:20)
    at FlowParserMixin.parseExprSubscripts (/app/node_modules/@babel/parser/lib/index.js:11098:23)
    at FlowParserMixin.parseUpdate (/app/node_modules/@babel/parser/lib/index.js:11083:21)
    at FlowParserMixin.parseMaybeUnary (/app/node_modules/@babel/parser/lib/index.js:11063:23)
    at FlowParserMixin.parseMaybeUnaryOrPrivate (/app/node_modules/@babel/parser/lib/index.js:10916:61)
    at FlowParserMixin.parseExprOpBaseRightExpr (/app/node_modules/@babel/parser/lib/index.js:11003:34)
    at FlowParserMixin.parseExprOpRightExpr (/app/node_modules/@babel/parser/lib/index.js:10998:21)
    at FlowParserMixin.parseExprOp (/app/node_modules/@babel/parser/lib/index.js:10964:27)
    at FlowParserMixin.parseExprOps (/app/node_modules/@babel/parser/lib/index.js:10925:17)
    at FlowParserMixin.parseMaybeConditional (/app/node_modules/@babel/parser/lib/index.js:10898:23)
    at FlowParserMixin.parseMaybeAssign (/app/node_modules/@babel/parser/lib/index.js:10848:21)
    at FlowParserMixin.parseMaybeAssign (/app/node_modules/@babel/parser/lib/index.js:3561:18)
    at /app/node_modules/@babel/parser/lib/index.js:3030:77
    at FlowParserMixin.forwardNoArrowParamsConversionAt (/app/node_modules/@babel/parser/lib/index.js:3080:16)
    at FlowParserMixin.parseConditional (/app/node_modules/@babel/parser/lib/index.js:3030:27)
    at FlowParserMixin.parseMaybeConditional (/app/node_modules/@babel/parser/lib/index.js:10902:17)
    at FlowParserMixin.parseMaybeAssign (/app/node_modules/@babel/parser/lib/index.js:10848:21)
    at FlowParserMixin.parseMaybeAssign (/app/node_modules/@babel/parser/lib/index.js:3561:18)
    at FlowParserMixin.parseExpressionBase (/app/node_modules/@babel/parser/lib/index.js:10801:23)
    at /app/node_modules/@babel/parser/lib/index.js:10797:39
    at FlowParserMixin.allowInAnd (/app/node_modules/@babel/parser/lib/index.js:12443:12)
    at FlowParserMixin.parseExpression (/app/node_modules/@babel/parser/lib/index.js:10797:17)
    at FlowParserMixin.jsxParseExpressionContainer (/app/node_modules/@babel/parser/lib/index.js:4644:31)
    at FlowParserMixin.jsxParseElementAt (/app/node_modules/@babel/parser/lib/index.js:4723:36)
    at FlowParserMixin.jsxParseElementAt (/app/node_modules/@babel/parser/lib/index.js:4710:32)
    at FlowParserMixin.jsxParseElementAt (/app/node_modules/@babel/parser/lib/index.js:4710:32)
    at FlowParserMixin.jsxParseElementAt (/app/node_modules/@babel/parser/lib/index.js:4710:32)
    at FlowParserMixin.jsxParseElement (/app/node_modules/@babel/parser/lib/index.js:4761:17)
    at FlowParserMixin.parseExprAtom (/app/node_modules/@babel/parser/lib/index.js:4771:19)
    at FlowParserMixin.parseExprSubscripts (/app/node_modules/@babel/parser/lib/index.js:11098:23)
    at FlowParserMixin.parseUpdate (/app/node_modules/@babel/parser/lib/index.js:11083:21)
    at FlowParserMixin.parseMaybeUnary (/app/node_modules/@babel/parser/lib/index.js:11063:23)
    at FlowParserMixin.parseMaybeUnaryOrPrivate (/app/node_modules/@babel/parser/lib/index.js:10916:61)
    at FlowParserMixin.parseExprOps (/app/node_modules/@babel/parser/lib/index.js:10921:23)
    at FlowParserMixin.parseMaybeConditional (/app/node_modules/@babel/parser/lib/index.js:10898:23)
    at FlowParserMixin.parseMaybeAssign (/app/node_modules/@babel/parser/lib/index.js:10848:21)
    at /app/node_modules/@babel/parser/lib/index.js:3510:39
    at FlowParserMixin.tryParse (/app/node_modules/@babel/parser/lib/index.js:6924:20)
    at FlowParserMixin.parseMaybeAssign (/app/node_modules/@babel/parser/lib/index.js:3510:18)
    at /app/node_modules/@babel/parser/lib/index.js:10817:39
    at FlowParserMixin.allowInAnd (/app/node_modules/@babel/parser/lib/index.js:12443:12)
    at FlowParserMixin.parseMaybeAssignAllowIn (/app/node_modules/@babel/parser/lib/index.js:10817:17)
    at FlowParserMixin.parseMaybeAssignAllowInOrVoidPattern (/app/node_modules/@babel/parser/lib/index.js:12510:17)
    at FlowParserMixin.parseParenAndDistinguishExpression (/app/node_modules/@babel/parser/lib/index.js:11692:28)
    at FlowParserMixin.parseParenAndDistinguishExpression (/app/node_modules/@babel/parser/lib/index.js:3603:18)
    at FlowParserMixin.parseExprAtom (/app/node_modules/@babel/parser/lib/index.js:11348:23)
