🔍 [DB] Initializing pool from DATABASE_URL
🔌 [DB] Internal/Local network detected (localhost). Disabling SSL for clean handshake.
⚠️ REDIS_URL not provided. Redis caching disabled.
Wantok Unified Server running on port 3000
🔄 [DB Handshake] Attempting direct connection to localhost/wantok...
⚠️ [Non-Critical] Database connection failed during initialization.
Target Host: localhost
Target Database: wantok
Error Message:
Error Code: ECONNREFUSED
🚀 Continuing server startup anyway. Database-dependent features will be unavailable until connection is restored.
✅ Backend is ready and database is synced.
📡 [2026-07-06T03:49:36.590Z] GET /api/health - Origin: Same-Origin
📡 [2026-07-06T03:50:34.365Z] GET / - Origin: Same-Origin
📡 [2026-07-06T03:50:34.454Z] GET /_expo/static/js/web/AppEntry-2d9964ffde5203e8153da74579c31223.js - Origin: Same-Origin
📡 [2026-07-06T03:50:34.839Z] GET /api/match/nearby - Origin: Same-Origin
ℹ️ [MatchController] Missing coordinates. Falling back to global text search for: "Any"
🔍 [MatchService] Performing global search for: "Any"
❌ Text Search Error:
❌ [MatchController] Global Error: AggregateError [ECONNREFUSED]:
    at /app/node_modules/pg-pool/index.js:45:11
    at process.processTicksAndRejections (node:internal/process/task_queues:103:5)
    at async MatchService.textSearchWorkers (/app/backend/src/match/services/match_service.js:58:24)
    at async getNearbyWorkers (/app/backend/src/match/controllers/match_controller.js:120:25) {
  code: 'ECONNREFUSED',
  [errors]: [
    Error: connect ECONNREFUSED ::1:5432
        at createConnectionError (node:net:1678:14)
        at afterConnectMultiple (node:net:1708:16) {
      errno: -111,
      code: 'ECONNREFUSED',
      syscall: 'connect',
      address: '::1',
      port: 5432
    },
    Error: connect ECONNREFUSED 127.0.0.1:5432
        at createConnectionError (node:net:1678:14)
        at afterConnectMultiple (node:net:1708:16) {
      errno: -111,
      code: 'ECONNREFUSED',
      syscall: 'connect',
      address: '127.0.0.1',
      port: 5432
    }
  ]
}
📡 [2026-07-06T03:50:34.930Z] GET /api/health - Origin: Same-Origin
📡 [2026-07-06T03:50:34.932Z] GET /assets/assets/brand_logo.8eba79e04acca3f4baef089c5cc45103.jpg - Origin: Same-Origin
📡 [2026-07-06T03:50:34.960Z] GET /api/health/db - Origin: Same-Origin
❌ [DB] checkConnection Error:
